╭────────────────────────────────────────────────────────────────────────────────────────────────────────────────────────╮
│READY> kae cd                                                                                                           │
│> type to filter                                                                                                        │
│claude                                                                                                                  │
│> ~/work/repo  project  #2                                                                                              │
│    .claude                                                                                                             │
│repo                                                                                                                    │
│  ~/work/repo  repository-root  #1                                                                                      │
│up/down move   enter choose   esc clear or cancel                                                                       │
│                                                                                                                        │
│                                                                                                                        │
│                                                                                                                        │
│                                                                                                                        │
│                                                                                                                        │
│                                                                                                                        │
│                                                                                                                        │
│                                                                                                                        │
│                                                                                                                        │
│                                                                                                                        │
│                                                                                                                        │
│                                                                                                                        │
│                                                                                                                        │
│                                                                                                                        │
│                                                                                                                        │
│                                                                                                                        │
│                                                                                                                        │
│                                                                                                                        │
│                                                                                                                        │
│                                                                                                                        │
│                                                                                                                        │
│                                                                                                                        │
│                                                                                                                        │
│                                                                                                                        │
│                                                                                                                        │
│                                                                                                                        │
│                                                                                                                        │
│                                                                                                                        │
╰────────────────────────────────────────────────────────────────────────────────────────────────────────────────────────╯
